// Jest Snapshot v1, https://goo.gl/fbAQLP

exports[`should render Header corretly 1`] = `
<React.Fragment>
  <h1>
    Expensify yey!
  </h1>
  <NavLink
    activeClassName="is-active"
    ariaCurrent="true"
    to="/"
  >
    Dashboard
  </NavLink>
  <NavLink
    activeClassName="is-active"
    ariaCurrent="true"
    to="/create"
  >
    Create Expense
  </NavLink>
  <NavLink
    activeClassName="is-active"
    ariaCurrent="true"
    to="/edit"
  >
    Edit Expense
  </NavLink>
  <NavLink
    activeClassName="is-active"
    ariaCurrent="true"
    to="/help"
  >
    Help
  </NavLink>
  <button
    onClick={[Function]}
  >
    logout
  </button>
</React.Fragment>
`;
